// Jest Snapshot v1, https://goo.gl/fbAQLP

exports[`matches snapshot 1`] = `
<div
  className="grid-counter-inner container-fluid"
>
  <div
    className="row center-xs"
  >
    <div
      className="col-xs-12 p-0"
    >
      <h4
        className="counterName-inner p-2 mb-0"
      >
        Inner Counter
      </h4>
    </div>
  </div>
  <div
    className="row between-xs"
  >
    <div
      className=""
    >
      <button
        className="increaseBtnSmall"
        onClick={[Function]}
      >
        +
      </button>
    </div>
    <div
      className="counter-inner"
    >
      1
    </div>
    <div
      className=""
    >
      <button
        className="decreaseBtnSmall"
        onClick={[Function]}
      >
        -
      </button>
    </div>
  </div>
</div>
`;
